{
    "Params: default - stub": {
        "content": [
            3,
            null,
            [
                "multiqc",
                "multiqc/multiqc_data",
                "multiqc/multiqc_plots",
                "multiqc/multiqc_report.html",
                "pipeline_info",
                "pipeline_info/vcftomat_software_mqc_versions.yml",
                "tabix",
                "tabix/NA12878.chr22.1X.vcf.gz.csi",
                "tabix/NA12878.chr22.1X.vcf.gz.tbi",
                "vcf2mat",
                "vcf2mat/chr22.csv"
            ],
            [
                "multiqc_report.html:md5,d41d8cd98f00b204e9800998ecf8427e",
                "params_2024-12-17_14-02-33.json:md5,5c9d8832abc6291c2ca958bb14fbb0e3",
                "vcftomat_software_mqc_versions.yml:md5,943ea09b23c917a604b0c4ca7e6cd2a9",
                "NA12878.chr22.1X.vcf.gz.csi:md5,d41d8cd98f00b204e9800998ecf8427e",
                "NA12878.chr22.1X.vcf.gz.tbi:md5,d41d8cd98f00b204e9800998ecf8427e",
                "chr22.csv:md5,d41d8cd98f00b204e9800998ecf8427e"
            ]
        ],
        "meta": {
            "nf-test": "0.9.2",
            "nextflow": "24.10.2"
        },
        "timestamp": "2024-12-17T14:02:40.492573"
    },
    "Params: default": {
        "content": [
            3,
            null,
            [
                "multiqc",
                "multiqc/multiqc_data",
                "multiqc/multiqc_data/multiqc.log",
                "multiqc/multiqc_data/multiqc_citations.txt",
                "multiqc/multiqc_data/multiqc_data.json",
                "multiqc/multiqc_data/multiqc_software_versions.txt",
                "multiqc/multiqc_data/multiqc_sources.txt",
                "multiqc/multiqc_report.html",
                "pipeline_info",
                "pipeline_info/vcftomat_software_mqc_versions.yml",
                "tabix",
                "tabix/NA12878.chr22.1X.vcf.gz.tbi",
                "vcf2mat",
                "vcf2mat/chr22.csv"
            ],
            [
                "multiqc.log:md5,68fdbcb57aae09f878dc9f71c32bc2c4",
                "multiqc_citations.txt:md5,4c806e63a283ec1b7e78cdae3a923d4f",
                "multiqc_data.json:md5,151e3ab9f29218e1c7b05dba7f2d6179",
                "multiqc_software_versions.txt:md5,26e022537cef236e3ea03361c21fd853",
                "multiqc_sources.txt:md5,d2a044df39ce3c6abe5cdc2d67473490",
                "multiqc_report.html:md5,6a4d5d68b1850ed51dd0c2eb5d132b27",
                "params_2024-12-17_14-02-10.json:md5,6676a2c4e3dfa107de172c7db76ad4bb",
                "vcftomat_software_mqc_versions.yml:md5,943ea09b23c917a604b0c4ca7e6cd2a9",
                "NA12878.chr22.1X.vcf.gz.tbi:md5,3ca6e94f86c548be87dd5fcc391a2525",
                "chr22.csv:md5,765ece7265a0b6abac7df8d8632a1500"
            ]
        ],
        "meta": {
            "nf-test": "0.9.2",
            "nextflow": "24.10.2"
        },
        "timestamp": "2024-12-17T14:02:29.550331"
    }
}