{
    "Params: default - stub": {
        "content": [
            3,
            [
                "multiqc",
                "multiqc/multiqc_data",
                "multiqc/multiqc_plots",
                "multiqc/multiqc_report.html",
                "pipeline_info",
                "pipeline_info/pipeline_software_mqc_versions.yml",
                "tabix",
                "tabix/NA12878.chr22.1X.vcf.gz.csi",
                "tabix/NA12878.chr22.1X.vcf.gz.tbi",
                "vcf2mat",
                "vcf2mat/chr22.csv"
            ],
            [
                "multiqc_report.html:md5,d41d8cd98f00b204e9800998ecf8427e",
                "params_2024-12-11_09-12-41.json:md5,916e2b2b6635538ece3ccec49e756f4a",
                "pipeline_software_mqc_versions.yml:md5,7b97edffe2541392321482aca61a9e1b",
                "NA12878.chr22.1X.vcf.gz.csi:md5,d41d8cd98f00b204e9800998ecf8427e",
                "NA12878.chr22.1X.vcf.gz.tbi:md5,d41d8cd98f00b204e9800998ecf8427e",
                "chr22.csv:md5,d41d8cd98f00b204e9800998ecf8427e"
            ]
        ],
        "meta": {
            "nf-test": "0.9.2",
            "nextflow": "24.10.2"
        },
        "timestamp": "2024-12-11T09:12:42.846505"
    },
    "Params: default": {
        "content": [
            0,
            [
                "pipeline_info",
                "pipeline_info/pipeline_software_mqc_versions.yml"
            ],
            [
                "params_2024-12-11_09-12-35.json:md5,abec49678396801c417664bc7d8dee37",
                "pipeline_software_mqc_versions.yml:md5,ad4600e7c46af5a1c96d2d4b0a5a4009"
            ]
        ],
        "meta": {
            "nf-test": "0.9.2",
            "nextflow": "24.10.2"
        },
        "timestamp": "2024-12-11T09:12:37.826195"
    }
}