{
    "-profile test --filter 'INFO/CSQ ~ 'HIGH''": {
        "content": [
            7,
            {
                "BCFTOOLS_ANNOTATE": {
                    "bcftools": 1.21
                },
                "BCFTOOLS_REHEADER": {
                    "bcftools": 1.21
                },
                "BCFTOOLS_VIEW": {
                    "bcftools": 1.21
                },
                "CREATE_SAMPLE_FILE": {
                    "create_sample_file": "1.0.0"
                },
                "TABIX_TABIX": {
                    "tabix": 1.21
                },
                "VCF2COUNTS": {
                    "vcf2counts.R": "1.0.0"
                },
                "Workflow": {
                    "qbic-pipelines/vcftocounts": "v2.0.2dev"
                }
            },
            [
                "bcftools",
                "bcftools/annotate",
                "bcftools/annotate/chr21_ann.reheader.vcf.gz.csi",
                "bcftools/annotate/chr21_ann_full.IDremoved.vcf.gz",
                "bcftools/annotate/chr21_ann_full.IDremoved.vcf.gz.tbi",
                "bcftools/annotate/versions.yml",
                "bcftools/reheader",
                "bcftools/reheader/chr21_ann.reheader.vcf.gz",
                "bcftools/reheader/chr21_ann.reheader.vcf.gz.tbi",
                "bcftools/reheader/samplefiles",
                "bcftools/reheader/samplefiles/chr21_ann.txt",
                "bcftools/reheader/samplefiles/versions.yml",
                "bcftools/reheader/versions.yml",
                "bcftools/view",
                "bcftools/view/chr21_ann",
                "bcftools/view/chr21_ann/chr21_ann_full.filter.vcf.gz",
                "bcftools/view/chr21_ann/chr21_ann_full.filter.vcf.gz.tbi",
                "bcftools/view/chr21_ann/versions.yml",
                "multiqc",
                "multiqc/multiqc_data",
                "multiqc/multiqc_data/BETA-multiqc.parquet",
                "multiqc/multiqc_data/multiqc.log",
                "multiqc/multiqc_data/multiqc_citations.txt",
                "multiqc/multiqc_data/multiqc_data.json",
                "multiqc/multiqc_data/multiqc_software_versions.txt",
                "multiqc/multiqc_data/multiqc_sources.txt",
                "multiqc/multiqc_report.html",
                "pipeline_info",
                "pipeline_info/vcftocounts_software_mqc_versions.yml",
                "tabix",
                "tabix/annotated.vcf.gz.tbi",
                "vcf2counts",
                "vcf2counts/chr21_ann_full.csv"
            ],
            [
                "versions.yml:md5,c805d5803ca9daca8965aa71800cb41e",
                "chr21_ann.txt:md5,67a48a0a8902f9e8493f85a6de469ebb",
                "versions.yml:md5,4afe7b519f82d5d8c539950934477c1a",
                "versions.yml:md5,033f0e38ea7e11362d7c210db7aa3f4c",
                "versions.yml:md5,1a5d1838e25d3d402a582af327aed061",
                "multiqc_citations.txt:md5,4c806e63a283ec1b7e78cdae3a923d4f",
                "chr21_ann_full.csv:md5,f528ae08b4afe723bbb06d13178a114c"
            ],
            [
                "chr21_ann_full.IDremoved.vcf.gz:md5,7c6bad1d3e68da93751a08db70e2d92f",
                "chr21_ann.reheader.vcf.gz:md5,97cd79b71fb0424bfa642e23f22bb035",
                "chr21_ann_full.filter.vcf.gz:md5,97cd79b71fb0424bfa642e23f22bb035"
            ],
            [
                [
                    "\"\",\"chr21_ann\"",
                    "\"chr21:10462834_A/G\",1",
                    "\"chr21:10569701_C/T\",1",
                    "\"chr21:10605416_G/T\",1",
                    "\"chr21:30541662_AG/A\",2",
                    "\"chr21:33576378_G/GA\",2",
                    "\"chr21:33576390_GA/G\",2",
                    "\"chr21:42383199_C/CTA\",1"
                ]
            ]
        ],
        "meta": {
            "nf-test": "0.9.2",
            "nextflow": "25.04.3"
        },
        "timestamp": "2025-06-13T17:26:03.346578814"
    },
    "-profile test --filter 'INFO/CSQ ~ 'HIGH'' - stub": {
        "content": [
            7,
            {
                "BCFTOOLS_ANNOTATE": {
                    "bcftools": 1.21
                },
                "BCFTOOLS_REHEADER": {
                    "bcftools": 1.21
                },
                "BCFTOOLS_VIEW": {
                    "bcftools": 1.21
                },
                "CREATE_SAMPLE_FILE": {
                    "create_sample_file": "1.0.0"
                },
                "TABIX_TABIX": {
                    "tabix": 1.21
                },
                "VCF2COUNTS": {
                    "vcf2counts.R": "1.0.0"
                },
                "Workflow": {
                    "qbic-pipelines/vcftocounts": "v2.0.2dev"
                }
            },
            [
                "bcftools",
                "bcftools/annotate",
                "bcftools/annotate/chr21_ann_full.IDremoved.vcf.gz",
                "bcftools/annotate/chr21_ann_full.IDremoved.vcf.gz.tbi",
                "bcftools/annotate/versions.yml",
                "bcftools/reheader",
                "bcftools/reheader/chr21_ann.reheader.vcf.gz",
                "bcftools/reheader/chr21_ann.reheader.vcf.gz.tbi",
                "bcftools/reheader/samplefiles",
                "bcftools/reheader/samplefiles/chr21_ann.txt",
                "bcftools/reheader/samplefiles/versions.yml",
                "bcftools/reheader/versions.yml",
                "bcftools/view",
                "bcftools/view/chr21_ann",
                "bcftools/view/chr21_ann/chr21_ann_full.filter.vcf.gz",
                "bcftools/view/chr21_ann/chr21_ann_full.filter.vcf.gz.tbi",
                "bcftools/view/chr21_ann/versions.yml",
                "multiqc",
                "multiqc/multiqc_data",
                "multiqc/multiqc_plots",
                "multiqc/multiqc_report.html",
                "pipeline_info",
                "pipeline_info/vcftocounts_software_mqc_versions.yml",
                "tabix",
                "tabix/annotated.vcf.gz.csi",
                "tabix/annotated.vcf.gz.tbi",
                "vcf2counts",
                "vcf2counts/chr21_ann_full.csv"
            ],
            [
                "versions.yml:md5,c805d5803ca9daca8965aa71800cb41e",
                "chr21_ann.txt:md5,d41d8cd98f00b204e9800998ecf8427e",
                "versions.yml:md5,4afe7b519f82d5d8c539950934477c1a",
                "versions.yml:md5,033f0e38ea7e11362d7c210db7aa3f4c",
                "versions.yml:md5,1a5d1838e25d3d402a582af327aed061",
                "chr21_ann_full.csv:md5,d41d8cd98f00b204e9800998ecf8427e"
            ],
            [
                "chr21_ann_full.IDremoved.vcf.gz:md5,68b329da9893e34099c7d8ad5cb9c940",
                "chr21_ann.reheader.vcf.gz:md5,68b329da9893e34099c7d8ad5cb9c940",
                "chr21_ann_full.filter.vcf.gz:md5,68b329da9893e34099c7d8ad5cb9c940"
            ]
        ],
        "meta": {
            "nf-test": "0.9.2",
            "nextflow": "25.04.3"
        },
        "timestamp": "2025-06-13T17:27:49.968238908"
    },
    "-profile test --subset 0.005": {
        "content": [
            7,
            {
                "BCFTOOLS_ANNOTATE": {
                    "bcftools": 1.21
                },
                "BCFTOOLS_REHEADER": {
                    "bcftools": 1.21
                },
                "CREATE_SAMPLE_FILE": {
                    "create_sample_file": "1.0.0"
                },
                "RANDOMSUBSET": {
                    "bcftools": 1.21
                },
                "TABIX_TABIX": {
                    "tabix": 1.21
                },
                "VCF2COUNTS": {
                    "vcf2counts.R": "1.0.0"
                },
                "Workflow": {
                    "qbic-pipelines/vcftocounts": "v2.0.2dev"
                }
            },
            [
                "bcftools",
                "bcftools/annotate",
                "bcftools/annotate/chr21_ann.reheader.vcf.gz.csi",
                "bcftools/annotate/chr21_ann_full.IDremoved.vcf.gz",
                "bcftools/annotate/chr21_ann_full.IDremoved.vcf.gz.tbi",
                "bcftools/annotate/versions.yml",
                "bcftools/reheader",
                "bcftools/reheader/chr21_ann.reheader.vcf.gz",
                "bcftools/reheader/chr21_ann.reheader.vcf.gz.tbi",
                "bcftools/reheader/samplefiles",
                "bcftools/reheader/samplefiles/chr21_ann.txt",
                "bcftools/reheader/samplefiles/versions.yml",
                "bcftools/reheader/versions.yml",
                "bcftools/subset",
                "bcftools/subset/chr21_ann",
                "bcftools/subset/chr21_ann/chr21_ann_full.subset.vcf.gz",
                "bcftools/subset/chr21_ann/chr21_ann_full.subset.vcf.gz.tbi",
                "bcftools/subset/chr21_ann/versions.yml",
                "multiqc",
                "multiqc/multiqc_data",
                "multiqc/multiqc_data/multiqc.log",
                "multiqc/multiqc_data/multiqc_citations.txt",
                "multiqc/multiqc_data/multiqc_data.json",
                "multiqc/multiqc_data/multiqc_software_versions.txt",
                "multiqc/multiqc_data/multiqc_sources.txt",
                "multiqc/multiqc_report.html",
                "pipeline_info",
                "pipeline_info/vcftocounts_software_mqc_versions.yml",
                "tabix",
                "tabix/annotated.vcf.gz.tbi",
                "vcf2counts",
                "vcf2counts/chr21_ann_full.csv"
            ],
            [
                "versions.yml:md5,c805d5803ca9daca8965aa71800cb41e",
                "chr21_ann.txt:md5,67a48a0a8902f9e8493f85a6de469ebb",
                "versions.yml:md5,4afe7b519f82d5d8c539950934477c1a",
                "versions.yml:md5,033f0e38ea7e11362d7c210db7aa3f4c",
                "versions.yml:md5,e0f218ef306127de5c57d21eb0b4d227",
                "multiqc_citations.txt:md5,4c806e63a283ec1b7e78cdae3a923d4f",
                "chr21_ann_full.csv:md5,04455fd09dac50535a9516874de9f23b"
            ],
            [
                "chr21_ann_full.IDremoved.vcf.gz:md5,f3deb7f58f9a50ad963dbca8fafb7f31",
                "chr21_ann.reheader.vcf.gz:md5,9c28803db167f710cd9a8f43278bc1b8",
                "chr21_ann_full.subset.vcf.gz:md5,9c28803db167f710cd9a8f43278bc1b8"
            ],
            [
                "chr21_ann_full.csv:numVariants=29"
            ]
        ],
        "meta": {
            "nf-test": "0.9.2",
            "nextflow": "25.04.3"
        },
        "timestamp": "2025-06-13T17:27:06.485215364"
    }
}