{
    "-profile test_full - stub": {
        "content": [
            39,
            {
                "BCFTOOLS_ANNOTATE": {
                    "bcftools": 1.21
                },
                "BCFTOOLS_CONCAT": {
                    "bcftools": 1.21
                },
                "BCFTOOLS_MERGE": {
                    "bcftools": 1.21
                },
                "BCFTOOLS_REHEADER": {
                    "bcftools": 1.21
                },
                "CREATE_SAMPLE_FILE": {
                    "create_sample_file": "1.0.0"
                },
                "GATK4_GENOTYPEGVCFS": {
                    "gatk4": "4.6.1.0"
                },
                "TABIX_TABIX": {
                    "tabix": 1.21
                },
                "VCF2COUNTS": {
                    "vcf2counts.R": "1.0.0"
                },
                "Workflow": {
                    "qbic-pipelines/vcftocounts": "v2.0.2dev"
                }
            },
            [
                "bcftools",
                "bcftools/annotate",
                "bcftools/annotate/chr21_ann_sample.IDremoved.vcf.gz",
                "bcftools/annotate/chr21_ann_sample.IDremoved.vcf.gz.tbi",
                "bcftools/annotate/empty.IDremoved.vcf.gz",
                "bcftools/annotate/empty.IDremoved.vcf.gz.tbi",
                "bcftools/annotate/indexed_merge.IDremoved.vcf.gz",
                "bcftools/annotate/indexed_merge.IDremoved.vcf.gz.tbi",
                "bcftools/annotate/toindex_concat_merge.IDremoved.vcf.gz",
                "bcftools/annotate/toindex_concat_merge.IDremoved.vcf.gz.tbi",
                "bcftools/annotate/toindex_gvcf_merge.IDremoved.vcf.gz",
                "bcftools/annotate/toindex_gvcf_merge.IDremoved.vcf.gz.tbi",
                "bcftools/annotate/versions.yml",
                "bcftools/concat",
                "bcftools/concat/toindex_concat_merge.concat.concat.vcf.gz",
                "bcftools/concat/toindex_concat_merge.concat.concat.vcf.gz.tbi",
                "bcftools/concat/versions.yml",
                "bcftools/merge",
                "bcftools/merge/indexed_merge.merge.vcf.gz",
                "bcftools/merge/indexed_merge.merge.vcf.gz.tbi",
                "bcftools/merge/toindex_concat_merge.merge.vcf.gz",
                "bcftools/merge/toindex_concat_merge.merge.vcf.gz.tbi",
                "bcftools/merge/toindex_gvcf_merge.merge.vcf.gz",
                "bcftools/merge/toindex_gvcf_merge.merge.vcf.gz.tbi",
                "bcftools/merge/versions.yml",
                "bcftools/reheader",
                "bcftools/reheader/chr21_ann_sample",
                "bcftools/reheader/chr21_ann_sample/chr21_ann_sample.chr21_ann_label.reheader.vcf.gz",
                "bcftools/reheader/chr21_ann_sample/chr21_ann_sample.chr21_ann_label.reheader.vcf.gz.tbi",
                "bcftools/reheader/chr21_ann_sample/versions.yml",
                "bcftools/reheader/empty",
                "bcftools/reheader/empty/empty.empty.reheader.vcf.gz",
                "bcftools/reheader/empty/empty.empty.reheader.vcf.gz.tbi",
                "bcftools/reheader/empty/versions.yml",
                "bcftools/reheader/indexed_merge",
                "bcftools/reheader/indexed_merge/indexed_merge.callerA.reheader.vcf.gz",
                "bcftools/reheader/indexed_merge/indexed_merge.callerA.reheader.vcf.gz.tbi",
                "bcftools/reheader/indexed_merge/indexed_merge.callerB.reheader.vcf.gz",
                "bcftools/reheader/indexed_merge/indexed_merge.callerB.reheader.vcf.gz.tbi",
                "bcftools/reheader/indexed_merge/versions.yml",
                "bcftools/reheader/samplefiles",
                "bcftools/reheader/samplefiles/callerA.txt",
                "bcftools/reheader/samplefiles/callerB.txt",
                "bcftools/reheader/samplefiles/chr21_ann_label.txt",
                "bcftools/reheader/samplefiles/concat.txt",
                "bcftools/reheader/samplefiles/empty.txt",
                "bcftools/reheader/samplefiles/merge.txt",
                "bcftools/reheader/samplefiles/versions.yml",
                "bcftools/reheader/toindex_concat_merge",
                "bcftools/reheader/toindex_concat_merge/toindex_concat_merge.concat.reheader.vcf.gz",
                "bcftools/reheader/toindex_concat_merge/toindex_concat_merge.concat.reheader.vcf.gz.tbi",
                "bcftools/reheader/toindex_concat_merge/toindex_concat_merge.merge.reheader.vcf.gz",
                "bcftools/reheader/toindex_concat_merge/toindex_concat_merge.merge.reheader.vcf.gz.tbi",
                "bcftools/reheader/toindex_concat_merge/versions.yml",
                "bcftools/reheader/toindex_gvcf_merge",
                "bcftools/reheader/toindex_gvcf_merge/toindex_gvcf_merge.callerA.reheader.vcf.gz",
                "bcftools/reheader/toindex_gvcf_merge/toindex_gvcf_merge.callerA.reheader.vcf.gz.tbi",
                "bcftools/reheader/toindex_gvcf_merge/toindex_gvcf_merge.callerB.reheader.vcf.gz",
                "bcftools/reheader/toindex_gvcf_merge/toindex_gvcf_merge.callerB.reheader.vcf.gz.tbi",
                "bcftools/reheader/toindex_gvcf_merge/versions.yml",
                "gvcftovcf",
                "gvcftovcf/callerA",
                "gvcftovcf/callerA/test.genome.normal.vcf.gz",
                "gvcftovcf/callerA/test.genome.normal.vcf.gz.tbi",
                "gvcftovcf/callerA/versions.yml",
                "gvcftovcf/callerB",
                "gvcftovcf/callerB/test2.genome.normal.vcf.gz",
                "gvcftovcf/callerB/test2.genome.normal.vcf.gz.tbi",
                "gvcftovcf/callerB/versions.yml",
                "multiqc",
                "multiqc/multiqc_data",
                "multiqc/multiqc_plots",
                "multiqc/multiqc_report.html",
                "pipeline_info",
                "pipeline_info/vcftocounts_software_mqc_versions.yml",
                "tabix",
                "tabix/NA12878.chr22.1X.vcf.gz.csi",
                "tabix/NA12878.chr22.1X.vcf.gz.tbi",
                "tabix/NA12878_GIAB.chr22.vcf.gz.csi",
                "tabix/NA12878_GIAB.chr22.vcf.gz.tbi",
                "tabix/NA24385_sv.vcf.gz.csi",
                "tabix/NA24385_sv.vcf.gz.tbi",
                "tabix/annotated.vcf.gz.csi",
                "tabix/annotated.vcf.gz.tbi",
                "tabix/test.genome.g.vcf.gz.csi",
                "tabix/test.genome.g.vcf.gz.tbi",
                "tabix/test2.genome.vcf.gz.csi",
                "tabix/test2.genome.vcf.gz.tbi",
                "vcf2counts",
                "vcf2counts/chr21_ann_sample.csv",
                "vcf2counts/empty.csv",
                "vcf2counts/indexed_merge.csv",
                "vcf2counts/toindex_concat_merge.csv",
                "vcf2counts/toindex_gvcf_merge.csv"
            ],
            [
                "versions.yml:md5,c805d5803ca9daca8965aa71800cb41e",
                "versions.yml:md5,c097a39fda5e563d88507f532b7d4866",
                "versions.yml:md5,429703c7a1b835b7e3cc81f91a87a167",
                "versions.yml:md5,033f0e38ea7e11362d7c210db7aa3f4c",
                "versions.yml:md5,033f0e38ea7e11362d7c210db7aa3f4c",
                "versions.yml:md5,033f0e38ea7e11362d7c210db7aa3f4c",
                "callerA.txt:md5,d41d8cd98f00b204e9800998ecf8427e",
                "callerB.txt:md5,d41d8cd98f00b204e9800998ecf8427e",
                "chr21_ann_label.txt:md5,d41d8cd98f00b204e9800998ecf8427e",
                "concat.txt:md5,d41d8cd98f00b204e9800998ecf8427e",
                "empty.txt:md5,d41d8cd98f00b204e9800998ecf8427e",
                "merge.txt:md5,d41d8cd98f00b204e9800998ecf8427e",
                "versions.yml:md5,4afe7b519f82d5d8c539950934477c1a",
                "versions.yml:md5,033f0e38ea7e11362d7c210db7aa3f4c",
                "versions.yml:md5,033f0e38ea7e11362d7c210db7aa3f4c",
                "versions.yml:md5,47fb1e8df1fefeb5f016eda57b4e350b",
                "versions.yml:md5,47fb1e8df1fefeb5f016eda57b4e350b",
                "chr21_ann_sample.csv:md5,d41d8cd98f00b204e9800998ecf8427e",
                "empty.csv:md5,d41d8cd98f00b204e9800998ecf8427e",
                "indexed_merge.csv:md5,d41d8cd98f00b204e9800998ecf8427e",
                "toindex_gvcf_merge.csv:md5,d41d8cd98f00b204e9800998ecf8427e"
            ],
            [
                "chr21_ann_sample.IDremoved.vcf.gz:md5,68b329da9893e34099c7d8ad5cb9c940",
                "empty.IDremoved.vcf.gz:md5,68b329da9893e34099c7d8ad5cb9c940",
                "indexed_merge.IDremoved.vcf.gz:md5,68b329da9893e34099c7d8ad5cb9c940",
                "toindex_concat_merge.IDremoved.vcf.gz:md5,68b329da9893e34099c7d8ad5cb9c940",
                "toindex_gvcf_merge.IDremoved.vcf.gz:md5,68b329da9893e34099c7d8ad5cb9c940",
                "toindex_concat_merge.concat.concat.vcf.gz:md5,68b329da9893e34099c7d8ad5cb9c940",
                "indexed_merge.merge.vcf.gz:md5,68b329da9893e34099c7d8ad5cb9c940",
                "toindex_concat_merge.merge.vcf.gz:md5,68b329da9893e34099c7d8ad5cb9c940",
                "toindex_gvcf_merge.merge.vcf.gz:md5,68b329da9893e34099c7d8ad5cb9c940",
                "chr21_ann_sample.chr21_ann_label.reheader.vcf.gz:md5,68b329da9893e34099c7d8ad5cb9c940",
                "empty.empty.reheader.vcf.gz:md5,68b329da9893e34099c7d8ad5cb9c940",
                "indexed_merge.callerA.reheader.vcf.gz:md5,68b329da9893e34099c7d8ad5cb9c940",
                "indexed_merge.callerB.reheader.vcf.gz:md5,68b329da9893e34099c7d8ad5cb9c940",
                "toindex_concat_merge.concat.reheader.vcf.gz:md5,68b329da9893e34099c7d8ad5cb9c940",
                "toindex_concat_merge.merge.reheader.vcf.gz:md5,68b329da9893e34099c7d8ad5cb9c940",
                "toindex_gvcf_merge.callerA.reheader.vcf.gz:md5,68b329da9893e34099c7d8ad5cb9c940",
                "toindex_gvcf_merge.callerB.reheader.vcf.gz:md5,68b329da9893e34099c7d8ad5cb9c940",
                "test.genome.normal.vcf.gz:md5,68b329da9893e34099c7d8ad5cb9c940",
                "test2.genome.normal.vcf.gz:md5,68b329da9893e34099c7d8ad5cb9c940"
            ]
        ],
        "meta": {
            "nf-test": "0.9.2",
            "nextflow": "25.04.3"
        },
        "timestamp": "2025-06-13T15:02:16.0250005"
    },
    "-profile test_full": {
        "content": [
            39,
            {
                "BCFTOOLS_ANNOTATE": {
                    "bcftools": 1.21
                },
                "BCFTOOLS_CONCAT": {
                    "bcftools": 1.21
                },
                "BCFTOOLS_MERGE": {
                    "bcftools": 1.21
                },
                "BCFTOOLS_REHEADER": {
                    "bcftools": 1.21
                },
                "CREATE_SAMPLE_FILE": {
                    "create_sample_file": "1.0.0"
                },
                "GATK4_GENOTYPEGVCFS": {
                    "gatk4": "4.6.1.0"
                },
                "TABIX_TABIX": {
                    "tabix": 1.21
                },
                "VCF2COUNTS": {
                    "vcf2counts.R": "1.0.0"
                },
                "Workflow": {
                    "qbic-pipelines/vcftocounts": "v2.0.2dev"
                }
            },
            [
                "bcftools",
                "bcftools/annotate",
                "bcftools/annotate/chr21_ann_sample.IDremoved.vcf.gz",
                "bcftools/annotate/chr21_ann_sample.IDremoved.vcf.gz.tbi",
                "bcftools/annotate/empty.IDremoved.vcf.gz",
                "bcftools/annotate/empty.IDremoved.vcf.gz.tbi",
                "bcftools/annotate/indexed_merge.IDremoved.vcf.gz",
                "bcftools/annotate/indexed_merge.IDremoved.vcf.gz.tbi",
                "bcftools/annotate/toindex_concat_merge.IDremoved.vcf.gz",
                "bcftools/annotate/toindex_concat_merge.IDremoved.vcf.gz.tbi",
                "bcftools/annotate/toindex_gvcf_merge.IDremoved.vcf.gz",
                "bcftools/annotate/toindex_gvcf_merge.IDremoved.vcf.gz.tbi",
                "bcftools/annotate/versions.yml",
                "bcftools/concat",
                "bcftools/concat/toindex_concat_merge.concat.concat.vcf.gz",
                "bcftools/concat/toindex_concat_merge.concat.concat.vcf.gz.tbi",
                "bcftools/concat/versions.yml",
                "bcftools/merge",
                "bcftools/merge/indexed_merge.merge.vcf.gz",
                "bcftools/merge/indexed_merge.merge.vcf.gz.tbi",
                "bcftools/merge/toindex_concat_merge.merge.vcf.gz",
                "bcftools/merge/toindex_concat_merge.merge.vcf.gz.tbi",
                "bcftools/merge/toindex_gvcf_merge.merge.vcf.gz",
                "bcftools/merge/toindex_gvcf_merge.merge.vcf.gz.tbi",
                "bcftools/merge/versions.yml",
                "bcftools/reheader",
                "bcftools/reheader/chr21_ann_sample",
                "bcftools/reheader/chr21_ann_sample/chr21_ann_sample.chr21_ann_label.reheader.vcf.gz",
                "bcftools/reheader/chr21_ann_sample/chr21_ann_sample.chr21_ann_label.reheader.vcf.gz.tbi",
                "bcftools/reheader/chr21_ann_sample/versions.yml",
                "bcftools/reheader/empty",
                "bcftools/reheader/empty/empty.empty.reheader.vcf.gz",
                "bcftools/reheader/empty/empty.empty.reheader.vcf.gz.tbi",
                "bcftools/reheader/empty/versions.yml",
                "bcftools/reheader/indexed_merge",
                "bcftools/reheader/indexed_merge/indexed_merge.callerA.reheader.vcf.gz",
                "bcftools/reheader/indexed_merge/indexed_merge.callerA.reheader.vcf.gz.tbi",
                "bcftools/reheader/indexed_merge/indexed_merge.callerB.reheader.vcf.gz",
                "bcftools/reheader/indexed_merge/indexed_merge.callerB.reheader.vcf.gz.tbi",
                "bcftools/reheader/indexed_merge/versions.yml",
                "bcftools/reheader/samplefiles",
                "bcftools/reheader/samplefiles/callerA.txt",
                "bcftools/reheader/samplefiles/callerB.txt",
                "bcftools/reheader/samplefiles/chr21_ann_label.txt",
                "bcftools/reheader/samplefiles/concat.txt",
                "bcftools/reheader/samplefiles/empty.txt",
                "bcftools/reheader/samplefiles/merge.txt",
                "bcftools/reheader/samplefiles/versions.yml",
                "bcftools/reheader/toindex_concat_merge",
                "bcftools/reheader/toindex_concat_merge/toindex_concat_merge.concat.reheader.vcf.gz",
                "bcftools/reheader/toindex_concat_merge/toindex_concat_merge.concat.reheader.vcf.gz.tbi",
                "bcftools/reheader/toindex_concat_merge/toindex_concat_merge.merge.reheader.vcf.gz",
                "bcftools/reheader/toindex_concat_merge/toindex_concat_merge.merge.reheader.vcf.gz.tbi",
                "bcftools/reheader/toindex_concat_merge/versions.yml",
                "bcftools/reheader/toindex_gvcf_merge",
                "bcftools/reheader/toindex_gvcf_merge/toindex_gvcf_merge.callerA.reheader.vcf.gz",
                "bcftools/reheader/toindex_gvcf_merge/toindex_gvcf_merge.callerA.reheader.vcf.gz.tbi",
                "bcftools/reheader/toindex_gvcf_merge/toindex_gvcf_merge.callerB.reheader.vcf.gz",
                "bcftools/reheader/toindex_gvcf_merge/toindex_gvcf_merge.callerB.reheader.vcf.gz.tbi",
                "bcftools/reheader/toindex_gvcf_merge/versions.yml",
                "gvcftovcf",
                "gvcftovcf/callerA",
                "gvcftovcf/callerA/test.genome.normal.vcf.gz",
                "gvcftovcf/callerA/test.genome.normal.vcf.gz.tbi",
                "gvcftovcf/callerA/versions.yml",
                "gvcftovcf/callerB",
                "gvcftovcf/callerB/test2.genome.normal.vcf.gz",
                "gvcftovcf/callerB/test2.genome.normal.vcf.gz.tbi",
                "gvcftovcf/callerB/versions.yml",
                "multiqc",
                "multiqc/multiqc_data",
                "multiqc/multiqc_data/multiqc.log",
                "multiqc/multiqc_data/multiqc_citations.txt",
                "multiqc/multiqc_data/multiqc_data.json",
                "multiqc/multiqc_data/multiqc_software_versions.txt",
                "multiqc/multiqc_data/multiqc_sources.txt",
                "multiqc/multiqc_report.html",
                "pipeline_info",
                "pipeline_info/vcftocounts_software_mqc_versions.yml",
                "tabix",
                "tabix/NA12878.chr22.1X.vcf.gz.tbi",
                "tabix/NA12878_GIAB.chr22.vcf.gz.tbi",
                "tabix/NA24385_sv.vcf.gz.tbi",
                "tabix/annotated.vcf.gz.tbi",
                "tabix/test.genome.g.vcf.gz.tbi",
                "tabix/test2.genome.vcf.gz.tbi",
                "vcf2counts",
                "vcf2counts/chr21_ann_sample.csv",
                "vcf2counts/empty.csv",
                "vcf2counts/indexed_merge.csv",
                "vcf2counts/toindex_concat_merge.csv",
                "vcf2counts/toindex_gvcf_merge.csv"
            ],
            [
                "versions.yml:md5,c805d5803ca9daca8965aa71800cb41e",
                "versions.yml:md5,c097a39fda5e563d88507f532b7d4866",
                "versions.yml:md5,429703c7a1b835b7e3cc81f91a87a167",
                "versions.yml:md5,033f0e38ea7e11362d7c210db7aa3f4c",
                "versions.yml:md5,033f0e38ea7e11362d7c210db7aa3f4c",
                "versions.yml:md5,033f0e38ea7e11362d7c210db7aa3f4c",
                "callerA.txt:md5,60b11d1e255a060928c4d39364bd2208",
                "callerB.txt:md5,b9cde70acab31f214a24a3aa0cd4ce72",
                "chr21_ann_label.txt:md5,6572f3a64d7df8138f842ac343a9b581",
                "concat.txt:md5,6a21cb02f698003fb22d6dfdc183adf2",
                "empty.txt:md5,84b40460f8374ccbde4c353cc301f5fc",
                "merge.txt:md5,448a611e90ae2754539592093324ff3c",
                "versions.yml:md5,4afe7b519f82d5d8c539950934477c1a",
                "versions.yml:md5,033f0e38ea7e11362d7c210db7aa3f4c",
                "versions.yml:md5,033f0e38ea7e11362d7c210db7aa3f4c",
                "versions.yml:md5,47fb1e8df1fefeb5f016eda57b4e350b",
                "versions.yml:md5,47fb1e8df1fefeb5f016eda57b4e350b",
                "multiqc_citations.txt:md5,4c806e63a283ec1b7e78cdae3a923d4f",
                "chr21_ann_sample.csv:md5,502079cf615cf32ec8ee9443d42f1233",
                "empty.csv:md5,1bd32757621943a049881f0f99e4a2c4",
                "indexed_merge.csv:md5,4e9896dbd6e9b63e049a64cc6f5a42f9",
                "toindex_gvcf_merge.csv:md5,bb0cc37d7f55f611a8d0f11c4d80dece"
            ],
            [
                "chr21_ann_sample.IDremoved.vcf.gz:md5,188c2be2f427d894e8bbf32911dcdb7e",
                "empty.IDremoved.vcf.gz:md5,d41d8cd98f00b204e9800998ecf8427e",
                "indexed_merge.IDremoved.vcf.gz:md5,538316e36fb55218bbc7e5fc8bea7701",
                "toindex_gvcf_merge.IDremoved.vcf.gz:md5,6f6b4664d06ccb50ceead526cec7aa0d",
                "indexed_merge.merge.vcf.gz:md5,5089e377e380c78d3ff29a8d36db14dd",
                "toindex_gvcf_merge.merge.vcf.gz:md5,6f6b4664d06ccb50ceead526cec7aa0d",
                "chr21_ann_sample.chr21_ann_label.reheader.vcf.gz:md5,c507b1cbd540e8324f686618013ad137",
                "empty.empty.reheader.vcf.gz:md5,d41d8cd98f00b204e9800998ecf8427e",
                "indexed_merge.callerA.reheader.vcf.gz:md5,16b9e984ed9af8f4d147900f9b8e0bee",
                "indexed_merge.callerB.reheader.vcf.gz:md5,9faa7fb1a37a48c4444b498e39ca4c01",
                "toindex_concat_merge.concat.reheader.vcf.gz:md5,98c31d4d482e32b12ed0efbf17d9e039",
                "toindex_concat_merge.merge.reheader.vcf.gz:md5,9faa7fb1a37a48c4444b498e39ca4c01",
                "toindex_gvcf_merge.callerA.reheader.vcf.gz:md5,647acfdf49b1f1914e5108b9b47ce2e7",
                "toindex_gvcf_merge.callerB.reheader.vcf.gz:md5,90dcd84b2f91f2bf07fb54320f949136",
                "test.genome.normal.vcf.gz:md5,1ab95fbc5ec55b208f3001572bec54fa",
                "test2.genome.normal.vcf.gz:md5,4046f52f4ea6616b7295c7f16b987710"
            ],
            [
                "chr21_ann_sample.IDremoved.vcf.gz:summary,VcfFile [chromosomes=[chr21], sampleCount=1, variantCount=5889, phased=false, phasedAutodetect=false]",
                "empty.IDremoved.vcf.gz:summary,VcfFile [chromosomes=[], sampleCount=1, variantCount=0, phased=true, phasedAutodetect=true]",
                "indexed_merge.IDremoved.vcf.gz:summary,VcfFile [chromosomes=[22, chrM], sampleCount=2, variantCount=32, phased=false, phasedAutodetect=false]",
                "toindex_concat_merge.IDremoved.vcf.gz:summary,VcfFile [chromosomes=[22, chr22], sampleCount=2, variantCount=988, phased=false, phasedAutodetect=false]",
                "toindex_gvcf_merge.IDremoved.vcf.gz:summary,VcfFile [chromosomes=[chr22], sampleCount=2, variantCount=7, phased=false, phasedAutodetect=false]",
                "toindex_concat_merge.concat.concat.vcf.gz:summary,VcfFile [chromosomes=[chr22], sampleCount=1, variantCount=984, phased=false, phasedAutodetect=true]",
                "indexed_merge.merge.vcf.gz:summary,VcfFile [chromosomes=[22, chrM], sampleCount=2, variantCount=32, phased=false, phasedAutodetect=false]",
                "toindex_concat_merge.merge.vcf.gz:summary,VcfFile [chromosomes=[22, chr22], sampleCount=2, variantCount=988, phased=false, phasedAutodetect=false]",
                "toindex_gvcf_merge.merge.vcf.gz:summary,VcfFile [chromosomes=[chr22], sampleCount=2, variantCount=7, phased=false, phasedAutodetect=false]",
                "chr21_ann_sample.chr21_ann_label.reheader.vcf.gz:summary,VcfFile [chromosomes=[chr21], sampleCount=1, variantCount=5889, phased=false, phasedAutodetect=false]",
                "empty.empty.reheader.vcf.gz:summary,VcfFile [chromosomes=[], sampleCount=1, variantCount=0, phased=true, phasedAutodetect=true]",
                "indexed_merge.callerA.reheader.vcf.gz:summary,VcfFile [chromosomes=[chrM], sampleCount=1, variantCount=28, phased=false, phasedAutodetect=false]",
                "indexed_merge.callerB.reheader.vcf.gz:summary,VcfFile [chromosomes=[22], sampleCount=1, variantCount=4, phased=false, phasedAutodetect=false]",
                "toindex_concat_merge.concat.reheader.vcf.gz:summary,VcfFile [chromosomes=[chr22], sampleCount=1, variantCount=984, phased=false, phasedAutodetect=true]",
                "toindex_concat_merge.merge.reheader.vcf.gz:summary,VcfFile [chromosomes=[22], sampleCount=1, variantCount=4, phased=false, phasedAutodetect=false]",
                "toindex_gvcf_merge.callerA.reheader.vcf.gz:summary,VcfFile [chromosomes=[chr22], sampleCount=1, variantCount=5, phased=false, phasedAutodetect=false]",
                "toindex_gvcf_merge.callerB.reheader.vcf.gz:summary,VcfFile [chromosomes=[chr22], sampleCount=1, variantCount=6, phased=false, phasedAutodetect=false]",
                "test.genome.normal.vcf.gz:summary,VcfFile [chromosomes=[chr22], sampleCount=1, variantCount=5, phased=false, phasedAutodetect=false]",
                "test2.genome.normal.vcf.gz:summary,VcfFile [chromosomes=[chr22], sampleCount=1, variantCount=6, phased=false, phasedAutodetect=false]"
            ],
            [
                "chr21_ann_sample.IDremoved.vcf.gz:headerCols,10",
                "empty.IDremoved.vcf.gz:headerCols,10",
                "indexed_merge.IDremoved.vcf.gz:headerCols,11",
                "toindex_concat_merge.IDremoved.vcf.gz:headerCols,11",
                "toindex_gvcf_merge.IDremoved.vcf.gz:headerCols,11",
                "toindex_concat_merge.concat.concat.vcf.gz:headerCols,10",
                "indexed_merge.merge.vcf.gz:headerCols,11",
                "toindex_concat_merge.merge.vcf.gz:headerCols,11",
                "toindex_gvcf_merge.merge.vcf.gz:headerCols,11",
                "chr21_ann_sample.chr21_ann_label.reheader.vcf.gz:headerCols,10",
                "empty.empty.reheader.vcf.gz:headerCols,10",
                "indexed_merge.callerA.reheader.vcf.gz:headerCols,10",
                "indexed_merge.callerB.reheader.vcf.gz:headerCols,10",
                "toindex_concat_merge.concat.reheader.vcf.gz:headerCols,10",
                "toindex_concat_merge.merge.reheader.vcf.gz:headerCols,10",
                "toindex_gvcf_merge.callerA.reheader.vcf.gz:headerCols,10",
                "toindex_gvcf_merge.callerB.reheader.vcf.gz:headerCols,10",
                "test.genome.normal.vcf.gz:headerCols,10",
                "test2.genome.normal.vcf.gz:headerCols,10"
            ]
        ],
        "meta": {
            "nf-test": "0.9.2",
            "nextflow": "25.04.3"
        },
        "timestamp": "2025-06-13T15:01:55.67824494"
    }
}