{
    "Params: default | input full-size": {
        "content": [
            35,
            {
                "BCFTOOLS_ANNOTATE": {
                    "bcftools": 1.2
                },
                "BCFTOOLS_CONCAT": {
                    "bcftools": 1.2
                },
                "BCFTOOLS_MERGE": {
                    "bcftools": 1.2
                },
                "BCFTOOLS_REHEADER": {
                    "bcftools": 1.2
                },
                "CREATE_SAMPLE_FILE": {
                    "create_sample_file": "1.0.0"
                },
                "GATK4_GENOTYPEGVCFS": {
                    "gatk4": "4.6.1.0"
                },
                "TABIX_TABIX": {
                    "tabix": 1.2
                },
                "VCF2COUNTS": {
                    "vcf2counts.R": "1.0.0"
                },
                "Workflow": {
                    "qbic-pipelines/vcftomat": "v1.2.0dev"
                }
            },
            [
                "bcftools",
                "bcftools/annotate",
                "bcftools/annotate/empty.IDremoved.vcf.gz",
                "bcftools/annotate/empty.reheader.vcf.gz.csi",
                "bcftools/annotate/indexed_merge.IDremoved.vcf.gz",
                "bcftools/annotate/indexed_merge.merge.vcf.gz.csi",
                "bcftools/annotate/toindex_concat_merge.IDremoved.vcf.gz",
                "bcftools/annotate/toindex_concat_merge.merge.vcf.gz.csi",
                "bcftools/annotate/toindex_gvcf_merge.IDremoved.vcf.gz",
                "bcftools/annotate/toindex_gvcf_merge.merge.vcf.gz.csi",
                "bcftools/annotate/versions.yml",
                "bcftools/concat",
                "bcftools/concat/concat.concat.vcf.gz",
                "bcftools/concat/concat.concat.vcf.gz.tbi",
                "bcftools/concat/versions.yml",
                "bcftools/merge",
                "bcftools/merge/indexed_merge.merge.vcf.gz",
                "bcftools/merge/indexed_merge.merge.vcf.gz.tbi",
                "bcftools/merge/toindex_concat_merge.merge.vcf.gz",
                "bcftools/merge/toindex_concat_merge.merge.vcf.gz.tbi",
                "bcftools/merge/toindex_gvcf_merge.merge.vcf.gz",
                "bcftools/merge/toindex_gvcf_merge.merge.vcf.gz.tbi",
                "bcftools/merge/versions.yml",
                "bcftools/reheader",
                "bcftools/reheader/callerA.reheader.vcf.gz",
                "bcftools/reheader/callerA.reheader.vcf.gz.tbi",
                "bcftools/reheader/callerB.reheader.vcf.gz",
                "bcftools/reheader/callerB.reheader.vcf.gz.tbi",
                "bcftools/reheader/concat.reheader.vcf.gz",
                "bcftools/reheader/concat.reheader.vcf.gz.tbi",
                "bcftools/reheader/empty.reheader.vcf.gz",
                "bcftools/reheader/empty.reheader.vcf.gz.tbi",
                "bcftools/reheader/merge.reheader.vcf.gz",
                "bcftools/reheader/merge.reheader.vcf.gz.tbi",
                "bcftools/reheader/samplefiles",
                "bcftools/reheader/samplefiles/callerA.txt",
                "bcftools/reheader/samplefiles/callerB.txt",
                "bcftools/reheader/samplefiles/concat.txt",
                "bcftools/reheader/samplefiles/empty.txt",
                "bcftools/reheader/samplefiles/merge.txt",
                "bcftools/reheader/samplefiles/versions.yml",
                "bcftools/reheader/versions.yml",
                "gatk4",
                "gatk4/null.vcf.gz",
                "gatk4/null.vcf.gz.tbi",
                "multiqc",
                "multiqc/multiqc_data",
                "multiqc/multiqc_data/multiqc.log",
                "multiqc/multiqc_data/multiqc_citations.txt",
                "multiqc/multiqc_data/multiqc_data.json",
                "multiqc/multiqc_data/multiqc_software_versions.txt",
                "multiqc/multiqc_data/multiqc_sources.txt",
                "multiqc/multiqc_report.html",
                "pipeline_info",
                "pipeline_info/vcftomat_software_mqc_versions.yml",
                "tabix",
                "tabix/NA12878.chr22.1X.vcf.gz.tbi",
                "tabix/NA12878_GIAB.chr22.vcf.gz.tbi",
                "tabix/NA24385_sv.vcf.gz.tbi",
                "tabix/test.genome.g.vcf.gz.tbi",
                "tabix/test2.genome.vcf.gz.tbi",
                "vcf2counts",
                "vcf2counts/empty.csv",
                "vcf2counts/indexed_merge.csv",
                "vcf2counts/toindex_concat_merge.csv",
                "vcf2counts/toindex_gvcf_merge.csv"
            ],
            [
                "versions.yml:md5,7f5de2ebb85583aa8c63be780737c8a2",
                "versions.yml:md5,8e4cc1068ff64a583811f3e3bd8a4771",
                "versions.yml:md5,0567f354f7d4ddac23b392f94e760ea2",
                "callerA.txt:md5,60b11d1e255a060928c4d39364bd2208",
                "callerB.txt:md5,b9cde70acab31f214a24a3aa0cd4ce72",
                "concat.txt:md5,6a21cb02f698003fb22d6dfdc183adf2",
                "empty.txt:md5,84b40460f8374ccbde4c353cc301f5fc",
                "merge.txt:md5,448a611e90ae2754539592093324ff3c",
                "versions.yml:md5,9f7e3c76a3c8463e8ba03afd48c3f618",
                "versions.yml:md5,c030f20e1b02bd49b0a4ec369f5b4429",
                "multiqc_citations.txt:md5,4c806e63a283ec1b7e78cdae3a923d4f",
                "empty.csv:md5,1bd32757621943a049881f0f99e4a2c4",
                "indexed_merge.csv:md5,4e9896dbd6e9b63e049a64cc6f5a42f9",
                "toindex_gvcf_merge.csv:md5,bb0cc37d7f55f611a8d0f11c4d80dece"
            ],
            [
                "empty.IDremoved.vcf.gz:md5,d41d8cd98f00b204e9800998ecf8427e",
                "indexed_merge.IDremoved.vcf.gz:md5,538316e36fb55218bbc7e5fc8bea7701",
                "toindex_concat_merge.IDremoved.vcf.gz:md5,be4e75cb8656268676c32831676ca548",
                "toindex_gvcf_merge.IDremoved.vcf.gz:md5,6f6b4664d06ccb50ceead526cec7aa0d",
                "indexed_merge.merge.vcf.gz:md5,5089e377e380c78d3ff29a8d36db14dd",
                "toindex_gvcf_merge.merge.vcf.gz:md5,6f6b4664d06ccb50ceead526cec7aa0d",
                "callerA.reheader.vcf.gz:md5,16b9e984ed9af8f4d147900f9b8e0bee",
                "callerB.reheader.vcf.gz:md5,9faa7fb1a37a48c4444b498e39ca4c01",
                "empty.reheader.vcf.gz:md5,d41d8cd98f00b204e9800998ecf8427e",
                "merge.reheader.vcf.gz:md5,9faa7fb1a37a48c4444b498e39ca4c01",
                "null.vcf.gz:md5,1ab95fbc5ec55b208f3001572bec54fa"
            ]
        ],
        "meta": {
            "nf-test": "0.9.2",
            "nextflow": "24.10.4"
        },
        "timestamp": "2025-02-06T10:09:06.463208"
    },
    "Params: default | input full-size - stub": {
        "content": [
            35,
            {
                "BCFTOOLS_ANNOTATE": {
                    "bcftools": 1.2
                },
                "BCFTOOLS_CONCAT": {
                    "bcftools": 1.2
                },
                "BCFTOOLS_MERGE": {
                    "bcftools": 1.2
                },
                "BCFTOOLS_REHEADER": {
                    "bcftools": 1.2
                },
                "CREATE_SAMPLE_FILE": {
                    "create_sample_file": "1.0.0"
                },
                "GATK4_GENOTYPEGVCFS": {
                    "gatk4": "4.6.1.0"
                },
                "TABIX_TABIX": {
                    "tabix": 1.2
                },
                "VCF2COUNTS": {
                    "vcf2counts.R": "1.0.0"
                },
                "Workflow": {
                    "qbic-pipelines/vcftomat": "v1.2.0dev"
                }
            },
            [
                "bcftools",
                "bcftools/annotate",
                "bcftools/annotate/empty.IDremoved.vcf.gz",
                "bcftools/annotate/indexed_merge.IDremoved.vcf.gz",
                "bcftools/annotate/toindex_concat_merge.IDremoved.vcf.gz",
                "bcftools/annotate/toindex_gvcf_merge.IDremoved.vcf.gz",
                "bcftools/annotate/versions.yml",
                "bcftools/concat",
                "bcftools/concat/concat.concat.vcf.gz",
                "bcftools/concat/concat.concat.vcf.gz.tbi",
                "bcftools/concat/versions.yml",
                "bcftools/merge",
                "bcftools/merge/indexed_merge.merge.vcf.gz",
                "bcftools/merge/indexed_merge.merge.vcf.gz.tbi",
                "bcftools/merge/toindex_concat_merge.merge.vcf.gz",
                "bcftools/merge/toindex_concat_merge.merge.vcf.gz.tbi",
                "bcftools/merge/toindex_gvcf_merge.merge.vcf.gz",
                "bcftools/merge/toindex_gvcf_merge.merge.vcf.gz.tbi",
                "bcftools/merge/versions.yml",
                "bcftools/reheader",
                "bcftools/reheader/callerA.reheader.vcf.gz",
                "bcftools/reheader/callerA.reheader.vcf.gz.tbi",
                "bcftools/reheader/callerB.reheader.vcf.gz",
                "bcftools/reheader/callerB.reheader.vcf.gz.tbi",
                "bcftools/reheader/concat.reheader.vcf.gz",
                "bcftools/reheader/concat.reheader.vcf.gz.tbi",
                "bcftools/reheader/empty.reheader.vcf.gz",
                "bcftools/reheader/empty.reheader.vcf.gz.tbi",
                "bcftools/reheader/merge.reheader.vcf.gz",
                "bcftools/reheader/merge.reheader.vcf.gz.tbi",
                "bcftools/reheader/samplefiles",
                "bcftools/reheader/samplefiles/callerA.txt",
                "bcftools/reheader/samplefiles/callerB.txt",
                "bcftools/reheader/samplefiles/concat.txt",
                "bcftools/reheader/samplefiles/empty.txt",
                "bcftools/reheader/samplefiles/merge.txt",
                "bcftools/reheader/samplefiles/versions.yml",
                "bcftools/reheader/versions.yml",
                "gatk4",
                "gatk4/null.vcf.gz",
                "gatk4/null.vcf.gz.tbi",
                "multiqc",
                "multiqc/multiqc_data",
                "multiqc/multiqc_plots",
                "multiqc/multiqc_report.html",
                "pipeline_info",
                "pipeline_info/vcftomat_software_mqc_versions.yml",
                "tabix",
                "tabix/NA12878.chr22.1X.vcf.gz.csi",
                "tabix/NA12878.chr22.1X.vcf.gz.tbi",
                "tabix/NA12878_GIAB.chr22.vcf.gz.csi",
                "tabix/NA12878_GIAB.chr22.vcf.gz.tbi",
                "tabix/NA24385_sv.vcf.gz.csi",
                "tabix/NA24385_sv.vcf.gz.tbi",
                "tabix/test.genome.g.vcf.gz.csi",
                "tabix/test.genome.g.vcf.gz.tbi",
                "tabix/test2.genome.vcf.gz.csi",
                "tabix/test2.genome.vcf.gz.tbi",
                "vcf2counts",
                "vcf2counts/empty.csv",
                "vcf2counts/indexed_merge.csv",
                "vcf2counts/toindex_concat_merge.csv",
                "vcf2counts/toindex_gvcf_merge.csv"
            ],
            [
                "versions.yml:md5,7f5de2ebb85583aa8c63be780737c8a2",
                "versions.yml:md5,8e4cc1068ff64a583811f3e3bd8a4771",
                "versions.yml:md5,0567f354f7d4ddac23b392f94e760ea2",
                "callerA.txt:md5,d41d8cd98f00b204e9800998ecf8427e",
                "callerB.txt:md5,d41d8cd98f00b204e9800998ecf8427e",
                "concat.txt:md5,d41d8cd98f00b204e9800998ecf8427e",
                "empty.txt:md5,d41d8cd98f00b204e9800998ecf8427e",
                "merge.txt:md5,d41d8cd98f00b204e9800998ecf8427e",
                "versions.yml:md5,9f7e3c76a3c8463e8ba03afd48c3f618",
                "versions.yml:md5,c030f20e1b02bd49b0a4ec369f5b4429",
                "empty.csv:md5,d41d8cd98f00b204e9800998ecf8427e",
                "indexed_merge.csv:md5,d41d8cd98f00b204e9800998ecf8427e",
                "toindex_gvcf_merge.csv:md5,d41d8cd98f00b204e9800998ecf8427e"
            ],
            [
                "empty.IDremoved.vcf.gz:md5,68b329da9893e34099c7d8ad5cb9c940",
                "indexed_merge.IDremoved.vcf.gz:md5,68b329da9893e34099c7d8ad5cb9c940",
                "toindex_concat_merge.IDremoved.vcf.gz:md5,68b329da9893e34099c7d8ad5cb9c940",
                "toindex_gvcf_merge.IDremoved.vcf.gz:md5,68b329da9893e34099c7d8ad5cb9c940",
                "concat.concat.vcf.gz:md5,68b329da9893e34099c7d8ad5cb9c940",
                "indexed_merge.merge.vcf.gz:md5,68b329da9893e34099c7d8ad5cb9c940",
                "toindex_concat_merge.merge.vcf.gz:md5,68b329da9893e34099c7d8ad5cb9c940",
                "toindex_gvcf_merge.merge.vcf.gz:md5,68b329da9893e34099c7d8ad5cb9c940",
                "callerA.reheader.vcf.gz:md5,68b329da9893e34099c7d8ad5cb9c940",
                "callerB.reheader.vcf.gz:md5,68b329da9893e34099c7d8ad5cb9c940",
                "concat.reheader.vcf.gz:md5,68b329da9893e34099c7d8ad5cb9c940",
                "empty.reheader.vcf.gz:md5,68b329da9893e34099c7d8ad5cb9c940",
                "merge.reheader.vcf.gz:md5,68b329da9893e34099c7d8ad5cb9c940",
                "null.vcf.gz:md5,68b329da9893e34099c7d8ad5cb9c940"
            ]
        ],
        "meta": {
            "nf-test": "0.9.2",
            "nextflow": "24.10.4"
        },
        "timestamp": "2025-02-06T10:09:49.603067"
    }
}